// Jest Snapshot v1, https://goo.gl/fbAQLP

exports[`"Answer" component renders correctly 1`] = `
<View
  accessibilityIgnoresInvertColors={true}
  style={
    Object {
      "alignItems": "center",
      "flex": 1,
      "justifyContent": "center",
      "marginVertical": 3,
    }
  }
>
  <Image
    resizeMode="stretch"
    source={
      Object {
        "testUri": "../../../images/backgrounds/questionBG.png",
      }
    }
    style={
      Array [
        Object {
          "bottom": 0,
          "left": 0,
          "position": "absolute",
          "right": 0,
          "top": 0,
        },
        Object {
          "height": undefined,
          "width": undefined,
        },
        Object {
          "opacity": 0.5,
        },
      ]
    }
  />
  <View
    accessible={true}
    isTVSelectable={true}
    onResponderGrant={[Function]}
    onResponderMove={[Function]}
    onResponderRelease={[Function]}
    onResponderTerminate={[Function]}
    onResponderTerminationRequest={[Function]}
    onStartShouldSetResponder={[Function]}
    style={
      Object {
        "alignItems": "center",
        "borderRadius": 15,
        "height": "100%",
        "justifyContent": "center",
        "width": "100%",
      }
    }
  >
    <Text
      style={
        Object {
          "fontFamily": "Signika",
          "fontSize": 17,
          "paddingHorizontal": 40,
        }
      }
    />
  </View>
</View>
`;
